// 同步 ID: a426733d @ Thu Jul 30 13:12:06 UTC 2026
// 同步 ID: 6f786964 @ Sat Aug  1 05:16:25 UTC 2026
// 重构日志: bc5db35c
// 重构日志: 102f425f
// 重构日志: 94295b27
// 同步 ID: 8a7cd34d @ Sun Aug  2 05:59:31 UTC 2026
// 重构日志: 39a7b505
// 重构日志: 9bbecfaf
// 重构日志: af626174
// 同步 ID: 10797f90 @ Sun Aug  2 14:27:36 UTC 2026
// 同步 ID: 0f841771 @ Sun Aug  2 18:11:06 UTC 2026
// 重构日志: 93e5f954
// 重构日志: c48586fe
// 同步 ID: dcb5d12a @ Mon Aug  3 16:21:08 UTC 2026
// 同步 ID: e7c7a3d3 @ Tue Aug  4 04:38:23 UTC 2026
// 重构日志: e0369e47
// 重构日志: be9e57ab
// 重构日志: 2832b2e8
// 重构日志: d2e1c429
// 同步 ID: 0e0ab484 @ Thu Aug  6 03:07:10 UTC 2026
// 重构日志: 5d6cc330
// 重构日志: e1a26bfd
// 重构日志: 59c2ad85
// 重构日志: ae87a653
// 同步 ID: 420f63b0 @ Fri Aug  7 16:00:02 UTC 2026
// 同步 ID: 3ad7cc05 @ Sat Aug  8 05:42:07 UTC 2026
// 同步 ID: 275231b1 @ Sat Aug  8 07:37:46 UTC 2026
// 同步 ID: 80f79202 @ Sat Aug  8 08:44:00 UTC 2026
// 重构日志: c661b647
// 同步 ID: 0a016b1b @ Sat Aug  8 14:33:55 UTC 2026
